/api/comon/desc
/api/comon/intfSn
/api/common/tokenCode
/api/common/getVerfyPicture
/api/common/uploadAttachment
/api/common/getConfigParamList
/api/login/passwordLogin
/api/login/otpLogin
/api/login/checkPwd4RestPwd
/api/login/modifyPasswordByUuid
/api/login/gestureLogin
/api/login/sendDscmVerifyCode
/api/login/sendPortalVerifyCode
/api/login/forgetPassword
/api/login/checkAppToken
/api/login/modifyPasswordFirstLogin
/api/login/getLoginUserInfo/
/api/login/appLogout
/api/inventory/getSimInfo/
/api/cee/getUserInfo
/api/cee/uc/getBlackList
/api/cee/uc/getSubNumber/
/api/cee/uc/getSubInfo
/api/cee/offer/getMainOfferList
/api/cee/offer/getDepOfferList
/api/cee/inventory/getAccNbrList
/api/cee/order/newConnection
/api/cee/uc/authenticationUser
/api/cee/order/prepaidSimReplacement
/api/cee/order/lockAccNbr
/api/common/getConfigParamList
/api/cee/getEntity
/api/cee/uc/getIndividualInfo
/api/cee/spi/getSubList
/api/cee/offer/getPrepaidMainOfferList
/api/saleschannel/getCurrentOrgInfo
/api/saleschannel/getOrgListByStaff/
/api/saleschannel/getSubOrgBaseInfo
/api/cee/uc/modifyCorporateUser
/api/bulletin/getUnreadBltCounts
/api/bulletin/getBltList
/api/bulletin/qryBltContent/
/api/bltcenter/queryAllBulletinPage
/api/bltcenter/updateBltRecipientForRead
/api/bltcenter/getBulletinDetailForPreview
/api/resource/transferTarget/qryOrgListBySrcOrg
/api/resource/transferResource/adaptTarget
/api/resource/preCalculateFee
/api/resource/addOrderByReq
/api/resource/qryPaymentWorkOrderToProcess
/api/resource/orders/qryOrderDetail/
/api/sales/workorder/queryDeliveryedRes/
/api/resource/drmOrdLogistics/logisticsConfirm
/api/resource/orderEntry/query
/api/wallet/queryTradeWalletList
/api/common/otp/checkStaffOtpFlag
/api/common/otp/getOtpValidAmount
/api/common/common/validVerifyCodeByPhone
/api/wallet/qryAdvancePaycStateMq
/api/resource/drmOrdPayment/payment
/api/common/etopup/qryEnumberList4Staff/
/api/sales/qryTransParty/
/api/sales/order/modifyResOrder
/api/sales/order/submitReqOrder
/api/sales/workorder/submitAllocOrder
/api/sales/qryTransResSpec
/api/sales/order/qryOrderBaseInfo
/api/sales/order/qryOrderCharge
/api/sales/workorder/qryProcessedTransferOrder
/api/sales/workorder/qryTodoWorkOrder
/api/sales/order/qryCreatedOrder
/api/sales/workorder/queryReqRes/
/api/sales/workorder/approveTransferOrder
/api/sales/order/cancelTransferOrder
/api/inventory/qryAvailableRes
/api/sales/workorder/allocResource
/api/sales/workorder/queryUnDeliveryedRes/
/api/sales/workorder/addLogisticsInfo
/api/modDeliveryAddress
/api/deliveryAddress
/api/qryDeliveryAddress
/api/deliveryAddress
/api/delDeliveryAddress
/api/common/querySubCommonRegionList
/api/sales/order/qryOrderResAlloc
/api/sales/qryBankInfo
/api/sales/workrorder/paymentTransferOrder
/api/sales/order/qryOrderPayment
/api/sales/workorder/updateOrderCommentById
/api/sales/workorder/confirmGoodsReceive
/api/queryOrgEnumberList/
/api/inventory/qryResModelByResType/
/api/resource/queryLogisticDetail/
/api/cee/uc/getSubInfoNoCheck
/api/orderentry/getOrderEntryEventList
/api/cee/order/simLost
/api/cee/order/simRestore
/api/cee/order/simSuspend
/api/cee/order/simResume
/api/retailorder/submitRetailInstOrder
/api/inventory/checkAvailableResWithResType
/api/retailorder/qryRetailInstOrder
/api/retailorder/qryRetailInstOrderDetail
/api/cee/spi/qryAcctBalWithAcct
/api/cee/custRecharge
/api/cee/order/qryBillList
/api/cee/order/billPayment
/api/cee/offer/getRelaOfferList
/api/cee/order/mainOfferSwitch
/api/homepage/selectAllMenuByUserId
/api/cee/order/getCeeOrderList
/api/cee/order/getCeeOrderDetail
/api/saleschannel/getStaffBaseInfo
/api/cee/spi/qryAcctList
/api/cee/offer/qryAvailablePackage
/api/cee/order/packageSales
/api/inventory/drmResModelsWithOutCatg?isIncludeEtopup=
/api/inventory/getCurrentOrgResourcesCount
/api/inventory/resQuantities
/api/common/file/configValue/
/api/common/file/queryPreLoginFileConfigValue/
/api/common/getPerLoginConfigParamList?paramCodes
/api/login/sendDscmVerifyCodeWithPict
/api/login/otpCheck4RestPwd
/api/login/restPasswordByUuid
/api/eta/retailOrder/checkIccidStatus1
/api/cee/spi/qryCustList
/api/cee/order/simRegistration
/api/eta/common/uploadAttachment
/api/eta/common/uploadAttachment
/api/eta/common/uploadAttachment
/api/eta/common/uploadAttachment
/api/retail/getCustOrderInfo
/api/cee/order/resubmitNewConnectionOrder
/api/common/sendDscmVerifyCode
/api/cee/uc/getSubInfoNoCheck
/api/eta/retailOrder/getCmsOfferList
/api/custc/qryCustDetail
/api/eta/retailOrder/orderCmsOffer
/api/saleschannel/getOrgEnumberList
/api/etc/getOrgEnumberBalance/
/api/retailorder/getCustOrderInfo
/api/retailorder/businessSimRegistration
/api/eta/retailOrder/checkIccidStatus
/api/retailorder/resubmitBusinessSimRegistration
/api/coc/qryAvailableService
/api/eta/retailOrder/getAttrIdRelaAttrVal
/api/eta/retailOrder/getAttrRelaVal4Offerline
/api/eta/retailOrder/jalaliYear
/api/eta/saleschannel/sendChangeUssdPwdOtp
/api/eta/saleschannel/changeUssdPwd
/api/eta/retailOrder/checkCallNbrList
/api/eta/retailOrder/checkLastTopupInfo
/api/eta/retailOrder/simReRegistrationEta
/api/eta/retailOrder/simReRegistrationCheckOtpEta
/api/common/getPerLoginConfigParamList
/api/common/qryStaffDataAuth
/api/eta/retailOrder/soldVcInst4Eta